../Drivers/CMSIS/Include/core_cm0.h:623:22:__NVIC_EnableIRQ	2
../Drivers/CMSIS/Include/core_cm0.h:730:22:__NVIC_SetPriority	2
../Drivers/STM32F0xx_HAL_Driver/Inc/stm32f0xx_ll_spi.h:426:22:LL_SPI_SetStandard	1
../Drivers/STM32F0xx_HAL_Driver/Inc/stm32f0xx_ll_spi.h:874:22:LL_SPI_DisableNSSPulseMgt	1
../Drivers/STM32F0xx_HAL_Driver/Inc/stm32f0xx_ll_tim.h:1073:22:LL_TIM_EnableCounter	1
../Drivers/STM32F0xx_HAL_Driver/Inc/stm32f0xx_ll_tim.h:1264:22:LL_TIM_DisableARRPreload	1
../Drivers/STM32F0xx_HAL_Driver/Inc/stm32f0xx_ll_tim.h:1326:22:LL_TIM_SetCounter	1
../Drivers/STM32F0xx_HAL_Driver/Inc/stm32f0xx_ll_tim.h:1395:22:LL_TIM_SetAutoReload	1
../Drivers/STM32F0xx_HAL_Driver/Inc/stm32f0xx_ll_tim.h:1569:22:LL_TIM_CC_EnableChannel	1
../Drivers/STM32F0xx_HAL_Driver/Inc/stm32f0xx_ll_tim.h:1882:22:LL_TIM_OC_DisableFast	7
../Drivers/STM32F0xx_HAL_Driver/Inc/stm32f0xx_ll_tim.h:2077:22:LL_TIM_OC_SetCompareCH1	1
../Drivers/STM32F0xx_HAL_Driver/Inc/stm32f0xx_ll_tim.h:2651:22:LL_TIM_SetClockSource	1
../Drivers/STM32F0xx_HAL_Driver/Inc/stm32f0xx_ll_tim.h:2697:22:LL_TIM_SetTriggerOutput	1
../Drivers/STM32F0xx_HAL_Driver/Inc/stm32f0xx_ll_tim.h:2763:22:LL_TIM_DisableMasterSlaveMode	1
../Drivers/STM32F0xx_HAL_Driver/Inc/stm32f0xx_ll_tim.h:3413:22:LL_TIM_EnableIT_CC1	1
../Drivers/STM32F0xx_HAL_Driver/Inc/stm32f0xx_ll_system.h:625:22:LL_SYSCFG_SetEXTISource	1
../Drivers/STM32F0xx_HAL_Driver/Inc/stm32f0xx_ll_gpio.h:267:22:LL_GPIO_SetPinMode	1
../Drivers/STM32F0xx_HAL_Driver/Inc/stm32f0xx_ll_gpio.h:473:22:LL_GPIO_SetPinPull	1
../Drivers/STM32F0xx_HAL_Driver/Inc/stm32f0xx_ll_gpio.h:867:22:LL_GPIO_ResetOutputPin	1
../Drivers/STM32F0xx_HAL_Driver/Inc/stm32f0xx_ll_bus.h:225:22:LL_AHB1_GRP1_EnableClock	1
../Drivers/STM32F0xx_HAL_Driver/Inc/stm32f0xx_ll_bus.h:413:22:LL_APB1_GRP1_EnableClock	1
../Drivers/STM32F0xx_HAL_Driver/Inc/stm32f0xx_ll_bus.h:663:22:LL_APB1_GRP2_EnableClock	1
../Core/Src/main.c:72:5:main	1
../Core/Src/main.c:130:6:SystemClock_Config	3
../Core/Src/main.c:168:13:MX_I2C2_Init	4
../Core/Src/main.c:216:13:MX_SPI2_Init	1
../Core/Src/main.c:291:13:MX_TIM15_Init	1
../Core/Src/main.c:351:13:MX_GPIO_Init	1
../Core/Src/main.c:404:6:usDelay_noblock	1
../Core/Src/main.c:439:6:msDelay	2
../Core/Src/main.c:448:6:usDelay	2
../Core/Src/main.c:490:6:Error_Handler	1
